---
source: tests/integration/user/public_user.rs
expression: body

---
{
  "followers": [
    {
      "id": "1f241e1b-b537-493f-a230-075cb16315be",
      "username": "test",
      "givenName": "Bobby",
      "familyName": "Tables",
      "bio": "",
      "profileImage": null,
      "circles": []
    },
    {
      "id": "a641fd6e-e41b-11eb-8176-57df101c2201",
      "username": "test2",
      "givenName": "Scrappy",
      "familyName": "Doo",
      "bio": "",
      "profileImage": null,
      "organization": "test2 org",
      "circles": []
    }
  ],
  "pages": 1,
  "totalFollowerCount": 2
}
