---
source: tests/integration/user/public_user.rs
expression: body
---
{
  "followings": [
    {
      "id": "7b96a41c-e406-11eb-8176-efd86dd7f444",
      "username": "test1",
      "givenName": "Post",
      "familyName": "Gres",
      "profileImage": null,
      "languagesSpoken": [
        "en_US"
      ],
      "organization": "test1 org",
      "circles": []
    }
  ],
  "pages": 1,
  "totalFollowingCount": 2
}
