---
source: tests/integration/user/public_user.rs
expression: body
---
{
  "followings": [
    {
      "id": "a641fd6e-e41b-11eb-8176-57df101c2201",
      "username": "test2",
      "givenName": "Scrappy",
      "familyName": "Doo",
      "profileImage": null,
      "badge": null,
      "organization": "test2 org",
      "circles": []
    }
  ],
  "pages": 1,
  "totalFollowingCount": 1
}
