---
source: tests/integration/user/font.rs
expression: body
---
{
  "names": [
    "ShesekRegular",
    "FrankRuhlMedium",
    "ArchitectsDaughterRegular",
    "ArialBlackRegular",
    "CaveatMedium"
  ]
}
