---
source: tests/integration/image/user.rs
expression: body
---
{
  "metadata": {
    "id": "[id]",
    "size": "Sticker"
  }
}
