---
source: tests/integration/locale/entry.rs
expression: body
---
{
  "bundles": {}
}
