---
source: tests/integration/animation.rs
expression: body
---
{
  "id": "[id]"
}
