---
source: tests/integration/image.rs
expression: body
---
{
  "id": "[id]"
}
