---
source: tests/integration/resource.rs
expression: body
---
{
  "id": "[id]"
}
