---
source: tests/integration/circle.rs
expression: body
---
{
  "id": "[id]"
}
