---
source: tests/integration/badge.rs
expression: body

---
{
  "members": [],
  "count": 0
}
