---
source: tests/integration/badge.rs
expression: body

---
{
  "id": "[id]"
}
