---
source: tests/integration/jig.rs
expression: body
---
{
  "id": "[id]"
}
